\BOOKMARK [1][]{section.1}{\376\377\116\000\060\001\000\040\225\356\230\230\221\315\217\360\116\016\122\006\147\220}{}% 1
\BOOKMARK [2][]{subsection.1.1}{\376\377\0001\000.\0001\000\040\225\356\230\230\200\314\146\157}{section.1}% 2
\BOOKMARK [2][]{subsection.1.2}{\376\377\0001\000.\0002\000\040\225\356\230\230\221\315\217\360}{section.1}% 3
\BOOKMARK [2][]{subsection.1.3}{\376\377\0001\000.\0003\000\040\225\356\230\230\122\006\147\220\116\016\140\073\117\123\140\035\215\357}{section.1}% 4
\BOOKMARK [1][]{section.2}{\376\377\116\214\060\001\000\040\152\041\127\213\120\107\213\276\116\016\173\046\123\367\213\364\146\016}{}% 5
\BOOKMARK [2][]{subsection.2.1}{\376\377\0002\000.\0001\000\040\152\041\127\213\120\107\213\276}{section.2}% 6
\BOOKMARK [2][]{subsection.2.2}{\376\377\0002\000.\0002\000\040\230\230\227\142\147\141\116\366\116\016\213\241\173\227\123\343\137\204}{section.2}% 7
\BOOKMARK [2][]{subsection.2.3}{\376\377\0002\000.\0003\000\040\116\073\211\201\173\046\123\367}{section.2}% 8
\BOOKMARK [1][]{section.3}{\376\377\116\011\060\001\000\040\225\356\230\230\116\000\377\032\116\244\117\032\123\072\127\337\060\001\166\364\137\204\116\016\127\006\211\206\166\326}{}% 9
\BOOKMARK [2][]{subsection.3.1}{\376\377\0003\000.\0001\000\040\155\113\124\021\225\045\116\016\174\276\170\156\133\232\117\115\123\072\127\337}{section.3}% 10
\BOOKMARK [2][]{subsection.3.2}{\376\377\0003\000.\0002\000\040\123\112\136\163\227\142\116\244\116\016\166\364\137\204\173\227\154\325}{section.3}% 11
\BOOKMARK [3][]{subsubsection.3.2.1}{\376\377\0003\000.\0002\000.\0001\000\040\127\006\127\337\166\204\123\314\117\247\123\005\126\364}{subsection.3.2}% 12
\BOOKMARK [3][]{subsubsection.3.2.2}{\376\377\0003\000.\0002\000.\0002\000\040\220\020\123\112\136\163\227\142\210\301\122\152}{subsection.3.2}% 13
\BOOKMARK [3][]{subsubsection.3.2.3}{\376\377\0003\000.\0002\000.\0003\000\040\121\370\123\005\116\016\145\313\217\154\123\141\130\363}{subsection.3.2}% 14
\BOOKMARK [2][]{subsection.3.3}{\376\377\0003\000.\0003\000\040\166\364\137\204\127\006\166\204\211\206\166\326\140\047}{section.3}% 15
\BOOKMARK [2][]{subsection.3.4}{\376\377\0003\000.\0004\000\040\145\160\120\074\154\102\211\343\116\016\232\214\213\301}{section.3}% 16
\BOOKMARK [1][]{section.4}{\376\377\126\333\060\001\000\040\225\356\230\230\116\214\377\032\173\054\116\214\150\300\155\113\160\271\166\204\172\063\120\145\220\011\127\100}{}% 17
\BOOKMARK [2][]{subsection.4.1}{\376\377\0004\000.\0001\000\040\231\226\153\041\211\302\155\113\124\016\166\204\116\015\170\156\133\232\226\306\124\010}{section.4}% 18
\BOOKMARK [2][]{subsection.4.2}{\376\377\0004\000.\0002\000\040\117\335\213\301\143\245\145\066\120\031\220\011\123\072\123\312\121\166\217\271\165\114}{section.4}% 19
\BOOKMARK [3][]{subsubsection.4.2.1}{\376\377\0004\000.\0002\000.\0001\000\040\116\044\134\102\170\156\133\232\140\047\117\335\213\301}{subsection.4.2}% 20
\BOOKMARK [3][]{subsubsection.4.2.2}{\376\377\0004\000.\0002\000.\0002\000\040\217\336\176\355\217\271\165\114\145\271\172\013}{subsection.4.2}% 21
\BOOKMARK [2][]{subsection.4.3}{\376\377\0004\000.\0003\000\040\174\276\136\246\040\024\200\027\145\366\000\040\000P\000a\000r\000e\000t\000o\000\040\152\041\127\213}{section.4}% 22
\BOOKMARK [3][]{subsubsection.4.3.1}{\376\377\0004\000.\0003\000.\0001\000\040\134\100\220\350\200\027\145\366}{subsection.4.3}% 23
\BOOKMARK [3][]{subsubsection.4.3.2}{\376\377\0004\000.\0003\000.\0002\000\040\213\357\135\356\117\040\144\255\116\016\000\040\000G\000D\000O\000P}{subsection.4.3}% 24
\BOOKMARK [3][]{subsubsection.4.3.3}{\376\377\0004\000.\0003\000.\0003\000\040\123\314\166\356\150\007\121\263\173\126}{subsection.4.3}% 25
\BOOKMARK [2][]{subsection.4.4}{\376\377\0004\000.\0004\000\040\173\054\116\214\153\041\211\302\155\113\124\016\166\204\156\005\226\144\213\301\116\146}{section.4}% 26
\BOOKMARK [2][]{subsection.4.5}{\376\377\0004\000.\0005\000\040\173\227\117\213\116\016\176\323\147\234\122\006\147\220}{section.4}% 27
\BOOKMARK [1][]{section.5}{\376\377\116\224\060\001\000\040\225\356\230\230\116\011\166\204\152\041\127\213\136\372\172\313\116\016\154\102\211\343}{}% 28
\BOOKMARK [2][]{subsection.5.1}{\376\377\0005\000.\0001\000\040\152\041\127\213\121\306\131\007}{section.5}% 29
\BOOKMARK [2][]{subsection.5.2}{\376\377\0005\000.\0002\000\040\152\041\127\213\136\372\172\313}{section.5}% 30
\BOOKMARK [2][]{subsection.5.3}{\376\377\0005\000.\0003\000\040\152\041\127\213\154\102\211\343\116\016\176\323\147\234\122\006\147\220}{section.5}% 31
\BOOKMARK [2][]{subsection.5.4}{\376\377\0005\000.\0004\000\040\134\017\176\323}{section.5}% 32
\BOOKMARK [1][]{section.6}{\376\377\121\155\060\001\000\040\225\356\230\230\126\333\166\204\152\041\127\213\136\372\172\313\116\016\154\102\211\343}{}% 33
\BOOKMARK [2][]{subsection.6.1}{\376\377\0006\000.\0001\000\040\152\041\127\213\121\306\131\007}{section.6}% 34
\BOOKMARK [2][]{subsection.6.2}{\376\377\0006\000.\0002\000\040\152\041\127\213\136\372\172\313}{section.6}% 35
\BOOKMARK [2][]{subsection.6.3}{\376\377\0006\000.\0003\000\040\152\041\127\213\154\102\211\343\116\016\176\323\147\234\122\006\147\220}{section.6}% 36
\BOOKMARK [2][]{subsection.6.4}{\376\377\0006\000.\0004\000\040\134\017\176\323}{section.6}% 37
\BOOKMARK [1][]{section.7}{\376\377\116\003\060\001\000\040\152\041\127\213\166\204\150\300\232\214}{}% 38
\BOOKMARK [2][]{subsection.7.1}{\376\377\0007\000.\0001\000\040\160\165\145\117\136\246\122\006\147\220}{section.7}% 39
\BOOKMARK [2][]{subsection.7.2}{\376\377\0007\000.\0002\000\040\152\041\127\213\150\300\232\214\116\016\213\357\135\356\122\006\147\220}{section.7}% 40
\BOOKMARK [2][]{subsection.7.3}{\376\377\0007\000.\0003\000\040\172\063\120\145\140\047\122\006\147\220}{section.7}% 41
\BOOKMARK [1][]{section.8}{\376\377\121\153\060\001\000\040\152\041\127\213\213\304\116\367\060\001\145\071\217\333\116\016\143\250\136\177}{}% 42
\BOOKMARK [2][]{subsection.8.1}{\376\377\0008\000.\0001\000\040\152\041\127\213\213\304\116\367}{section.8}% 43
\BOOKMARK [2][]{subsection.8.2}{\376\377\0008\000.\0002\000\040\145\071\217\333\116\016\143\250\136\177}{section.8}% 44
\BOOKMARK [1][]{section*.14}{\376\377\123\302\200\003\145\207\163\056}{}% 45
\BOOKMARK [1][]{appendix.1.A}{\376\377\226\104\137\125\000\040\000A\000\040\145\057\144\221\147\120\145\231\145\207\116\366\156\005\123\125}{}% 46
\BOOKMARK [1][]{appendix.1.B}{\376\377\226\104\137\125\000\040\000B\000\040\172\013\136\217\116\343\170\001}{}% 47
\BOOKMARK [2][]{subsection.1.B.1}{\376\377\000B\000.\0001\000\040\225\356\230\230\116\000\116\343\170\001}{appendix.1.B}% 48
\BOOKMARK [2][]{subsection.1.B.2}{\376\377\000B\000.\0002\000\040\225\356\230\230\116\214\116\343\170\001}{appendix.1.B}% 49
\BOOKMARK [2][]{subsection.1.B.3}{\376\377\000B\000.\0003\000\040\225\356\230\230\116\011\116\343\170\001}{appendix.1.B}% 50
\BOOKMARK [2][]{subsection.1.B.4}{\376\377\000B\000.\0004\000\040\225\356\230\230\126\333\116\343\170\001}{appendix.1.B}% 51
